// Jest Snapshot v1, https://goo.gl/fbAQLP

exports[`Header.tsx Should render component and match snapshot 1`] = `
.emotion-0 {
  margin-bottom: 10px;
}

.emotion-1 {
  text-align: center;
  padding: 30px 0;
  margin-bottom: 20px;
}

.emotion-3 {
  display: -webkit-box;
  display: -webkit-flex;
  display: -ms-flexbox;
  display: flex;
  -webkit-align-items: center;
  -webkit-box-align: center;
  -ms-flex-align: center;
  align-items: center;
  -webkit-box-pack: justify;
  -webkit-justify-content: space-between;
  justify-content: space-between;
}

.emotion-5 {
  list-style: none;
  padding: unset;
  display: -webkit-box;
  display: -webkit-flex;
  display: -ms-flexbox;
  display: flex;
}

.emotion-7 {
  margin: 0 8px;
}

.emotion-7:first-of-type {
  margin-left: 0;
}

.emotion-7:last-of-type {
  margin-right: 0;
}

.emotion-7 a,
.emotion-7 a:hover {
  -webkit-text-decoration: none;
  text-decoration: none;
}

.emotion-17 {
  width: 1rem;
  height: 1rem;
}

.emotion-20 {
  width: 1rem;
  height: 1rem;
}

.emotion-23 {
  width: 1rem;
  height: 1rem;
}

.emotion-26 {
  width: 1rem;
  height: 1rem;
}

<div
  class="app-header emotion-0"
>
  <div
    class="emotion-1 emotion-2"
  >
    <h2
      class="page-title"
    >
      Test title
    </h2>
    <p
      class="page-subtitle"
    >
      Test subtitle
    </p>
  </div>
  <nav
    class="emotion-3 emotion-4"
  >
    <ul
      class="emotion-5 emotion-6"
    >
      <li
        class="emotion-7 emotion-8"
      >
        <a
          aria-current="page"
          class=""
          href="/"
        >
          Home
        </a>
      </li>
      <li
        class="emotion-7 emotion-8"
      >
        <a
          href="/about"
        >
          About
        </a>
      </li>
      <li
        class="emotion-7 emotion-8"
      >
        <a
          href="/rss"
        >
          RSS
        </a>
      </li>
    </ul>
    <ul
      class="emotion-5 emotion-6"
    >
      <li
        class="emotion-7 emotion-8"
      >
        <a
          href="https://facebook.com/okanjauhary"
          rel="noreferrer"
          target="_blank"
        >
          <div
            class="my-icons icon-facebook emotion-17"
          >
            <svg
              enable-background="new 0 0 100 100"
              version="1.1"
              viewBox="0 0 100 100"
              x="0px"
              xlink="http://www.w3.org/1999/xlink"
              xmlns="http://www.w3.org/2000/svg"
              y="0px"
            >
              <g
                id="facebook-icon"
              >
                <path
                  d="M85,26.5V0H25v36.5H12.5v27H25V100h30V63.5h30v-27H55v-10H85z M75,46.5v7H45V90H35V53.5H22.5v-7H35V10h40v6.5H45v30H75z"
                />
              </g>
            </svg>
          </div>
        </a>
      </li>
      <li
        class="emotion-7 emotion-8"
      >
        <a
          href="https://twitter.com/okanjauhary"
          rel="noreferrer"
          target="_blank"
        >
          <div
            class="my-icons icon-twitter emotion-20"
          >
            <svg
              enable-background="new 0 0 100 100"
              version="1.1"
              viewBox="0 0 100 100"
              x="0px"
              xlink="http://www.w3.org/1999/xlink"
              xmlns="http://www.w3.org/2000/svg"
              y="0px"
            >
              <g
                id="twitter-icon"
              >
                <path
                  d="M88,21l9-10l-14,5L67,9L48,22v14L5,16l10,17l-8-1l11,18l-7,1l14,19L0,81l32,10l45-17l12-43l11-12L88,21z M78.12,32.78
l - 9.39, 33.65L31.69, 80.43l - 3.25 - 1.02l12.02 - 5.29L28.97, 58.53l5.48 - 0.78l - 8.1 - 13.25l7.56, 0.95l - 4.02 - 6.83L58, 51.68V27.27l10.07 - 6.89
l5.04, 2.21"
                />
              </g>
            </svg>
          </div>
        </a>
      </li>
      <li
        class="emotion-7 emotion-8"
      >
        <a
          href="https://www.linkedin.com/in/sulhanjauhari"
          rel="noreferrer"
          target="_blank"
        >
          <div
            class="my-icons icon-linkedin emotion-23"
          >
            <svg
              enable-background="new 0 0 100 100"
              version="1.1"
              viewBox="0 0 100 100"
              x="0px"
              xlink="http://www.w3.org/1999/xlink"
              xmlns="http://www.w3.org/2000/svg"
              y="0px"
            >
              <g
                id="linkedin-icon"
              >
                <path
                  d="M0,30v70h22V30H0z M12,90h-2V40h2V90z"
                />
                <path
                  d="M58,30l-6,8.57V30H30v70h22V52h26v48h22V52V32v-2H58z M42,90h-2V40h2V90z M90,90h-2V42H61.81l1.4-2H90V90z"
                />
                <path
                  d="M0,0v22h22V0H0z M12,12h-2v-2h2V12z"
                />
              </g>
            </svg>
          </div>
        </a>
      </li>
      <li
        class="emotion-7 emotion-8"
      >
        <a
          href="https://github.com/okanjauhary"
          rel="noreferrer"
          target="_blank"
        >
          <div
            class="my-icons icon-github emotion-26"
          >
            <svg
              enable-background="new 0 0 100 100"
              version="1.1"
              viewBox="0 0 100 100"
              x="0px"
              xlink="http://www.w3.org/1999/xlink"
              xmlns="http://www.w3.org/2000/svg"
              y="0px"
            >
              <g
                id="github-icon"
              >
                <path
                  d="M81,4L50,0L19,4L0,46l11,38l25,16l3-2l-0.78-13.98l-8.89,1.32l-14.15-7.46l3.77-7.16l11.66,6.15l8.69-1.23L41,70l-17-7
l - 4 - 18l5 - 12V21l13, 5l12 - 2l12, 2l13 - 5v12l5, 12l - 4, 18l - 17, 7l3, 10l - 1, 18l3, 2l25 - 16l11 - 38L81, 4z M60.96, 15.69L50, 13.86l - 10.95, 1.83
l - 8.16 - 3.14L50, 10.08l19.12, 2.47L60.96, 15.69z M80.44, 77.61l - 8.6, 5.5l0.24 - 4.3l - 0.9 - 3.01l11.11 - 4.57L80.44, 77.61z"
                />
              </g>
            </svg>
          </div>
        </a>
      </li>
    </ul>
  </nav>
</div>
`;
