// Jest Snapshot v1, https://goo.gl/fbAQLP

exports[`Button.tsx Should render component and match snapshot 1`] = `
.emotion-0 {
  margin: 10px;
  display: inline-block;
}

.emotion-1 {
  outline: none;
  border: none;
  background-color: transparent;
  cursor: pointer;
}

<div
  class="my-button emotion-0"
>
  <button
    class="emotion-1"
    type="button"
  />
</div>
`;
